// Jest Snapshot v1, https://goo.gl/fbAQLP

exports[`Should render expenseListItem with expenses item 1`] = `
<div>
  <Link
    to="/edit/1"
  >
    <h3>
       
      Gum
       
    </h3>
  </Link>
  <p>
    <NumberFormat
      allowEmptyFormatting={false}
      allowNegative={true}
      decimalSeparator="."
      displayType="text"
      fixedDecimalScale={false}
      getInputRef={[Function]}
      isAllowed={[Function]}
      isNumericString={false}
      onBlur={[Function]}
      onChange={[Function]}
      onFocus={[Function]}
      onKeyDown={[Function]}
      onMouseUp={[Function]}
      onValueChange={[Function]}
      prefix="â‚¹"
      suffix=""
      thousandSeparator={true}
      thousandsGroupStyle="lakh"
      type="text"
      value={195}
    />
    -
    Thursday, January 1st 1970
  </p>
</div>
`;
